[    1084ms] [LOG] SpanText is : swissdock @ https://www.swisstargetprediction.ch/shared/navigationbar/js/navigationbar.js:5
[    1084ms] [LOG] SpanText is : swissparam @ https://www.swisstargetprediction.ch/shared/navigationbar/js/navigationbar.js:5
[    1084ms] [LOG] SpanText is : swisssidechain @ https://www.swisstargetprediction.ch/shared/navigationbar/js/navigationbar.js:5
[    1084ms] [LOG] SpanText is : swissbioisostere @ https://www.swisstargetprediction.ch/shared/navigationbar/js/navigationbar.js:5
[    1084ms] [LOG] SpanText is : swisstargetprediction @ https://www.swisstargetprediction.ch/shared/navigationbar/js/navigationbar.js:5
[    1085ms] [LOG] SpanText is : swissadme @ https://www.swisstargetprediction.ch/shared/navigationbar/js/navigationbar.js:5
[    1085ms] [LOG] SpanText is : swisssimilarity @ https://www.swisstargetprediction.ch/shared/navigationbar/js/navigationbar.js:5
[    3891ms] [LOG] Ketcher is ready: U @ https://www.swisstargetprediction.ch/:387
[    3891ms] [LOG] Entering initControl for smilesBox @ https://www.swisstargetprediction.ch/:414
[    3995ms] [LOG] Check linking to the just built cairo boilerplate library @ blob:https://www.swisstargetprediction.ch/c1c5ec54-117c-47c4-8279-7be8c3faaf50:485
[   32354ms] [LOG] smilesBox input detected @ https://www.swisstargetprediction.ch/:417
[   32427ms] [LOG] ketcher change detected @ https://www.swisstargetprediction.ch/:392
[   32427ms] [LOG] ... change comes from smilesBox, ignoring @ https://www.swisstargetprediction.ch/:395
[   45629ms] [LOG] Session number: 47009268 @ https://www.swisstargetprediction.ch/predict.php:232
[   45737ms] [LOG] checksession: Calculation is in the queue. Number of jobs before yours: 0 @ https://www.swisstargetprediction.ch/predict.php:245
[   46788ms] [LOG] checksession: Calculation is in the queue. Number of jobs before yours: 0 @ https://www.swisstargetprediction.ch/predict.php:247
[   47846ms] [LOG] checksession: Calculation currently running. Run time: 0:00 @ https://www.swisstargetprediction.ch/predict.php:249
[   48900ms] [LOG] checksession: Calculation currently running. Run time: 0:01 @ https://www.swisstargetprediction.ch/predict.php:253
[   49374ms] [LOG] checksession: Calculation currently running. Run time: 0:01 @ https://www.swisstargetprediction.ch/predict.php:257
[   50396ms] [LOG] checksession: Calculation currently running. Run time: 0:03 @ https://www.swisstargetprediction.ch/predict.php:261
[   51361ms] [LOG] checksession: Calculation currently running. Run time: 0:04 @ https://www.swisstargetprediction.ch/predict.php:265
[   52444ms] [LOG] checksession: Calculation currently running. Run time: 0:05 @ https://www.swisstargetprediction.ch/predict.php:269
[   53445ms] [LOG] checksession: Calculation currently running. Run time: 0:06 @ https://www.swisstargetprediction.ch/predict.php:273
[   54500ms] [LOG] checksession: Calculation currently running. Run time: 0:07 @ https://www.swisstargetprediction.ch/predict.php:277
[   58695ms] Invalid or unexpected token
[   58785ms] [LOG] retrievesession:  @ https://www.swisstargetprediction.ch/predict.php:283
[   58798ms] [LOG] tar:  @ https://www.swisstargetprediction.ch/predict.php:283
[   63594ms] [LOG] SpanText is : swissdock @ https://www.swisstargetprediction.ch/shared/navigationbar/js/navigationbar.js:5
[   63594ms] [LOG] SpanText is : swissparam @ https://www.swisstargetprediction.ch/shared/navigationbar/js/navigationbar.js:5
[   63594ms] [LOG] SpanText is : swisssidechain @ https://www.swisstargetprediction.ch/shared/navigationbar/js/navigationbar.js:5
[   63594ms] [LOG] SpanText is : swissbioisostere @ https://www.swisstargetprediction.ch/shared/navigationbar/js/navigationbar.js:5
[   63594ms] [LOG] SpanText is : swisstargetprediction @ https://www.swisstargetprediction.ch/shared/navigationbar/js/navigationbar.js:5
[   63594ms] [LOG] SpanText is : swissadme @ https://www.swisstargetprediction.ch/shared/navigationbar/js/navigationbar.js:5
[   63594ms] [LOG] SpanText is : swisssimilarity @ https://www.swisstargetprediction.ch/shared/navigationbar/js/navigationbar.js:5
